.editorconfig: OK
.gitattributes: OK
.github/PULL_REQUEST_TEMPLATE.md: OK
.github/dependabot.yml: OK
.github/workflows/android-apk.yml: OK
.gitignore: OK
.htaccess: OK
App.js: OK
CI_HOTFIX_STREAM_CLEANUP_REPORT.md: OK
CI_STABILIZATION_REPORT.md: OK
EXEC002_REMEDIATION_REPORT.md: OK
FILE_INVENTORY.txt: OK
FILE_INVENTORY_EXEC002.txt: OK
GITHUB_READY_STATUS.md: OK
KNOWN_EXTERNAL_GATES.md: OK
NEXT_LLM_HANDOVER_PROMPT.md: OK
PACKAGE_PREPARATION_25082026203650.md: OK
README.md: OK
REMEDIATION_REPORT.md: OK
RUNTIME_ROOT_CAUSE_REMEDIATION_25082026203650.patch: OK
RUNTIME_ROOT_CAUSE_REMEDIATION_REPORT_25082026203650.md: OK
SECURITY.md: OK
VERIFICATION_STATUS.md: OK
app.json: OK
assets/adaptive-icon.png: OK
assets/favicon.png: OK
assets/icon.png: OK
assets/splash.png: OK
babel.config.js: OK
docs/AI_CONSOLE_V1_4_0_FULL_BUILD_SPECIFICATION.md: OK
docs/AI_CONSOLE_V1_4_0_FULL_FEATURE_LOCK.md: OK
docs/AI_CONSOLE_V1_4_0_TECHNICAL_SPECIFICATION.md: OK
docs/BUILDING.md: OK
docs/RELEASING.md: OK
docs/master/README.md: OK
eas.json: OK
exec002-evidence/ci-version-guard.txt: OK
exec002-evidence/runtime-contract.txt: OK
exec002-evidence/static-check.txt: OK
exec002-evidence/targeted-tests.txt: OK
index.js: OK
package-lock.json: OK
package.json: OK
provenance/handover/RELEASE_PREVIOUS.json: OK
provenance/handover/VERIFICATION_REPORT_PREVIOUS.md: OK
remediation-evidence-runtime-fix/LOCAL_VERIFICATION_SUMMARY.txt: OK
remediation-evidence-runtime-fix/ci-version-guard.log: OK
remediation-evidence-runtime-fix/expo-export.log: OK
remediation-evidence-runtime-fix/final-clean-ci-version-guard.log: OK
remediation-evidence-runtime-fix/final-clean-hermes-scan.log: OK
remediation-evidence-runtime-fix/final-clean-runtime-contract.log: OK
remediation-evidence-runtime-fix/final-clean-startup-tests.log: OK
remediation-evidence-runtime-fix/final-clean-static-check.log: OK
remediation-evidence-runtime-fix/final-clean-workflow-yaml-parse.log: OK
remediation-evidence-runtime-fix/full-tests-after-restore-attempt.exit: OK
remediation-evidence-runtime-fix/full-tests-after-restore-attempt.log: OK
remediation-evidence-runtime-fix/full-tests-with-local-jszip.exit: OK
remediation-evidence-runtime-fix/full-tests-with-local-jszip.log: OK
remediation-evidence-runtime-fix/hermes-startup-sensitive-scan.log: OK
remediation-evidence-runtime-fix/npm-ci-offline.exit: OK
remediation-evidence-runtime-fix/npm-ci-offline.log: OK
remediation-evidence-runtime-fix/npm-ci.log: OK
remediation-evidence-runtime-fix/npm-ls-depth0.log: OK
remediation-evidence-runtime-fix/npm-run-check-final.log: OK
remediation-evidence-runtime-fix/npm-run-check.exit: OK
remediation-evidence-runtime-fix/npm-run-check.log: OK
remediation-evidence-runtime-fix/npm-test-final.log: OK
remediation-evidence-runtime-fix/npm-test-node-direct.exit: OK
remediation-evidence-runtime-fix/npm-test-node-direct.log: OK
remediation-evidence-runtime-fix/npm-test.exit: OK
remediation-evidence-runtime-fix/npm-test.log: OK
remediation-evidence-runtime-fix/runtime-contract.log: OK
remediation-evidence-runtime-fix/static-check.exit: OK
remediation-evidence-runtime-fix/static-check.log: OK
remediation-evidence-runtime-fix/workflow-yaml-parse.log: OK
remediation-evidence/2026-08-23T21_18_02_019Z-debug-0.log: OK
remediation-evidence/2026-08-23T21_18_07_373Z-debug-0.log: OK
remediation-evidence/2026-08-23T21_18_07_532Z-debug-0.log: OK
remediation-evidence/2026-08-23T21_18_07_686Z-debug-0.log: OK
remediation-evidence/2026-08-23T21_18_07_849Z-debug-0.log: OK
remediation-evidence/2026-08-23T21_18_08_006Z-debug-0.log: OK
remediation-evidence/2026-08-23T21_18_42_501Z-debug-0.log: OK
remediation-evidence/2026-08-23T21_19_08_447Z-debug-0.log: OK
remediation-evidence/2026-08-23T21_19_14_050Z-debug-0.log: OK
remediation-evidence/2026-08-23T21_19_36_882Z-debug-0.log: OK
remediation-evidence/2026-08-23T21_20_38_774Z-debug-0.log: OK
remediation-evidence/CI_HOTFIX_STATIC_CHECK_PASS.log: OK
remediation-evidence/CI_HOTFIX_STREAM_CLEANUP_REGEX_PASS.log: OK
remediation-evidence/CI_HOTFIX_STREAM_CLEANUP_REPORT.md: OK
remediation-evidence/CI_STABILIZATION_NPM_TEST.log: OK
remediation-evidence/CI_STABILIZATION_NPM_TEST_EXIT.log: OK
remediation-evidence/CI_STABILIZATION_STATIC_CHECK.log: OK
remediation-evidence/CI_STABILIZATION_STATIC_CHECK_EXIT.log: OK
remediation-evidence/CI_STABILIZATION_VERSION_GUARD.log: OK
remediation-evidence/CI_STABILIZATION_VERSION_GUARD_EXIT.log: OK
remediation-evidence/CI_STABILIZATION_WORKFLOW_YAML_PARSE.log: OK
remediation-evidence/CI_STABILIZATION_WORKFLOW_YAML_PARSE_EXIT.log: OK
remediation-evidence/CI_VERSION_GUARD_PASS.log: OK
remediation-evidence/EXEC_CI_VERSION_GUARD.log: OK
remediation-evidence/EXEC_CI_VERSION_GUARD_EXIT.log: OK
remediation-evidence/EXEC_CONTINUATION_SOURCE_DIFF.patch: OK
remediation-evidence/EXEC_EXPO_INSTALL_CHECK.log: OK
remediation-evidence/EXEC_LOCK_STATIC_CHECK.log: OK
remediation-evidence/EXEC_LOCK_STATIC_CHECK_EXIT.log: OK
remediation-evidence/EXEC_NATIVE_STARTUP_UX_GREP.log: OK
remediation-evidence/EXEC_NPM_CACHE_VERIFY.log: OK
remediation-evidence/EXEC_NPM_CI.log: OK
remediation-evidence/EXEC_NPM_CI_CLEANUP.log: OK
remediation-evidence/EXEC_NPM_RUN_CHECK.log: OK
remediation-evidence/EXEC_NPM_RUN_CHECK_EXIT.log: OK
remediation-evidence/EXEC_NPM_TEST.log: OK
remediation-evidence/EXEC_NPM_TEST_EXIT.log: OK
remediation-evidence/EXEC_POST_PATCH_CI_VERSION_GUARD.log: OK
remediation-evidence/EXEC_POST_PATCH_CI_VERSION_GUARD_EXIT.log: OK
remediation-evidence/EXEC_POST_PATCH_NPM_RUN_CHECK.log: OK
remediation-evidence/EXEC_POST_PATCH_NPM_RUN_CHECK_EXIT.log: OK
remediation-evidence/EXEC_POST_PATCH_NPM_TEST.log: OK
remediation-evidence/EXEC_POST_PATCH_NPM_TEST_EXIT.log: OK
remediation-evidence/EXEC_POST_PATCH_WORKFLOW_YAML_PARSE.log: OK
remediation-evidence/EXEC_POST_PATCH_WORKFLOW_YAML_PARSE_EXIT.log: OK
remediation-evidence/EXEC_WORKFLOW_REQUIREMENT_GREP.log: OK
remediation-evidence/EXEC_WORKFLOW_YAML_PARSE.log: OK
remediation-evidence/EXEC_WORKFLOW_YAML_PARSE_EXIT.log: OK
remediation-evidence/LATEST_HOTFIX_PATCH_NOTES_24082026004500.md: OK
remediation-evidence/LOCK_SYNC_PASS.log: OK
remediation-evidence/NPM_CI_LOCAL_FAIL.log: OK
remediation-evidence/NPM_TEST_LOCAL_FAIL_NO_SKIPS.log: OK
remediation-evidence/SOURCE_DIFF.patch: OK
remediation-evidence/WORKFLOW_YAML_PARSE_PASS.log: OK
scripts/ci-version-guard.mjs: OK
scripts/configure-android-release-signing.mjs: OK
scripts/static-check.mjs: OK
scripts/verify-runtime-contract.mjs: OK
src/attachments/attachmentSession.mjs: OK
src/backup/backupService.mjs: OK
src/components/AppErrorBoundary.js: OK
src/components/AttachmentSourceSheet.js: OK
src/components/ChatManager.js: OK
src/components/DocumentStudio.js: OK
src/components/DocumentTargetSheet.js: OK
src/components/FormattedText.js: OK
src/components/Icons.js: OK
src/components/LLMSettingsSheet.js: OK
src/components/MessageActionSheet.js: OK
src/components/MessageBubble.js: OK
src/components/ModelPicker.js: OK
src/components/PdfReviewSheet.js: OK
src/components/PinGateModal.js: OK
src/components/ProtectedWorkspaceTools.js: OK
src/components/SettingsSheet.js: OK
src/components/VoiceReviewSheet.js: OK
src/components/WorkspaceManager.js: OK
src/documents/contextManifest.mjs: OK
src/documents/documentDomain.mjs: OK
src/documents/documentExport.js: OK
src/documents/documentProjectArchive.mjs: OK
src/documents/documentRender.mjs: OK
src/documents/documentTemplates.mjs: OK
src/documents/localPdfAdapter.js: OK
src/documents/ocrPipeline.mjs: OK
src/documents/pdfPipeline.mjs: OK
src/documents/pdfTextExtract.mjs: OK
src/domain/conversationOrganisation.mjs: OK
src/domain/conversationSchema.mjs: OK
src/domain/generationPresentation.mjs: OK
src/domain/generationState.mjs: OK
src/domain/offlineQueue.mjs: OK
src/domain/safeMarkdown.mjs: OK
src/domain/workflowTree.mjs: OK
src/export/chatExport.mjs: OK
src/export/documentArchive.mjs: OK
src/export/pdfContent.mjs: OK
src/export/pdfExport.js: OK
src/export/projectArchive.mjs: OK
src/prompts/promptLibrary.mjs: OK
src/security/pinThrottle.mjs: OK
src/services/generationManager.mjs: OK
src/startup/appLoader.mjs: OK
src/theme.js: OK
src/ui/primitives.js: OK
src/ui/responsive.mjs: OK
src/ui/tokens.js: OK
src/utils/archivePolicy.mjs: OK
src/utils/fileUpload.js: OK
src/utils/mediaPicker.js: OK
src/utils/outputTokens.mjs: OK
src/utils/pinVerifier.mjs: OK
src/utils/privacy.mjs: OK
src/utils/rawZipPreflight.mjs: OK
src/utils/settingsPolicy.mjs: OK
src/utils/sha256.mjs: OK
src/utils/sseParser.mjs: OK
src/utils/storage.js: OK
src/utils/streamChat.js: OK
src/voice/speechRecognitionAdapter.mjs: OK
src/voice/voiceState.mjs: OK
src/workspaces/workspaceSchema.mjs: OK
tests/archivePolicy.test.mjs: OK
tests/exec002Remediation.test.mjs: OK
tests/packageAContracts.test.mjs: OK
tests/packageB.test.mjs: OK
tests/packageC.test.mjs: OK
tests/pinVerifier.test.mjs: OK
tests/privacy.test.mjs: OK
tests/providerContract.test.mjs: OK
tests/settingsPolicy.test.mjs: OK
tests/sseParser.test.mjs: OK
tests/startupRecovery.test.mjs: OK
tests/startupRuntimeResilience.test.mjs: OK
tests/v132Consolidation.test.mjs: OK
tests/v140-documents.test.mjs: OK
